true
Backup completed: /home/vboxuser/dockerproject/Site/auto_backups/backup_mysite_2026-08-12_10:32:47.sql
Ротация проведена:Оставлены бекапы bac
ac
dockerproject
mysite
Downloads
serverspace
snap
Desktop
Documents
Music
Pictures
Public
Templates
Videos
Backup completed: /home/vboxuser/dockerproject/Site/auto_backups/backup_mysite_2026-08-12_10:47:36.sql
Ротация проведена: оставлены последние 7 бекапов.
/home/vboxuser/dockerproject/Site/auto_backups/backup_mysite_2026-08-12_10:47:36.sql
/home/vboxuser/dockerproject/Site/auto_backups/backup_mysite_2026-08-12_10:45:46.sql
/home/vboxuser/dockerproject/Site/auto_backups/backup_mysite_2026-08-12_10:42:31.sql
/home/vboxuser/dockerproject/Site/auto_backups/backup_mysite_2026-08-12_10:41:26.sql
/home/vboxuser/dockerproject/Site/auto_backups/backup_mysite_2026-08-12_10:40:30.sql
/home/vboxuser/dockerproject/Site/auto_backups/backup_mysite_2026-08-12_10:38:34.sql
/home/vboxuser/dockerproject/Site/auto_backups/backup_mysite_2026-08-12_10:37:55.sql
Backup completed: /home/vboxuser/dockerproject/Site/auto_backups/backup_mysite_2026-08-12_10:53:17.sql
Ротация проведена: оставлены последние 7 бекапов.
/home/vboxuser/dockerproject/Site/auto_backups/backup_mysite_2026-08-12_10:53:17.sql
/home/vboxuser/dockerproject/Site/auto_backups/backup_mysite_2026-08-12_10:52:39.sql
/home/vboxuser/dockerproject/Site/auto_backups/backup_mysite_2026-08-12_10:50:43.sql
/home/vboxuser/dockerproject/Site/auto_backups/backup_mysite_2026-08-12_10:47:36.sql
/home/vboxuser/dockerproject/Site/auto_backups/backup_mysite_2026-08-12_10:45:46.sql
/home/vboxuser/dockerproject/Site/auto_backups/backup_mysite_2026-08-12_10:42:31.sql
/home/vboxuser/dockerproject/Site/auto_backups/backup_mysite_2026-08-12_10:41:26.sql
Backup completed: /home/vboxuser/dockerproject/Site/auto_backups/backup_mysite_2026-08-12_11:00:01.sql
Ротация проведена: оставлены последние 7 бекапов.
/home/vboxuser/dockerproject/Site/auto_backups/backup_mysite_2026-08-12_11:00:01.sql
/home/vboxuser/dockerproject/Site/auto_backups/backup_mysite_2026-08-12_10:53:17.sql
/home/vboxuser/dockerproject/Site/auto_backups/backup_mysite_2026-08-12_10:52:39.sql
/home/vboxuser/dockerproject/Site/auto_backups/backup_mysite_2026-08-12_10:50:43.sql
/home/vboxuser/dockerproject/Site/auto_backups/backup_mysite_2026-08-12_10:47:36.sql
/home/vboxuser/dockerproject/Site/auto_backups/backup_mysite_2026-08-12_10:45:46.sql
/home/vboxuser/dockerproject/Site/auto_backups/backup_mysite_2026-08-12_10:42:31.sql
Backup completed: /home/vboxuser/dockerproject/Site/auto_backups/backup_mysite_2026-08-12_12:00:01.sql
Ротация проведена: оставлены последние 7 бекапов.
/home/vboxuser/dockerproject/Site/auto_backups/backup_mysite_2026-08-12_12:00:01.sql
/home/vboxuser/dockerproject/Site/auto_backups/backup_mysite_2026-08-12_11:00:01.sql
/home/vboxuser/dockerproject/Site/auto_backups/backup_mysite_2026-08-12_10:53:17.sql
/home/vboxuser/dockerproject/Site/auto_backups/backup_mysite_2026-08-12_10:52:39.sql
/home/vboxuser/dockerproject/Site/auto_backups/backup_mysite_2026-08-12_10:50:43.sql
/home/vboxuser/dockerproject/Site/auto_backups/backup_mysite_2026-08-12_10:47:36.sql
/home/vboxuser/dockerproject/Site/auto_backups/backup_mysite_2026-08-12_10:45:46.sql
Backup completed: /home/vboxuser/dockerproject/Site/auto_backups/backup_mysite_2026-08-12_13:00:01.sql
Ротация проведена: оставлены последние 7 бекапов.
/home/vboxuser/dockerproject/Site/auto_backups/backup_mysite_2026-08-12_13:00:01.sql
/home/vboxuser/dockerproject/Site/auto_backups/backup_mysite_2026-08-12_12:00:01.sql
/home/vboxuser/dockerproject/Site/auto_backups/backup_mysite_2026-08-12_11:00:01.sql
/home/vboxuser/dockerproject/Site/auto_backups/backup_mysite_2026-08-12_10:53:17.sql
/home/vboxuser/dockerproject/Site/auto_backups/backup_mysite_2026-08-12_10:52:39.sql
/home/vboxuser/dockerproject/Site/auto_backups/backup_mysite_2026-08-12_10:50:43.sql
/home/vboxuser/dockerproject/Site/auto_backups/backup_mysite_2026-08-12_10:47:36.sql
Backup completed: /home/vboxuser/dockerproject/Site/auto_backups/backup_mysite_2026-08-12_14:00:01.sql
Ротация проведена: оставлены последние 7 бекапов.
/home/vboxuser/dockerproject/Site/auto_backups/backup_mysite_2026-08-12_14:00:01.sql
/home/vboxuser/dockerproject/Site/auto_backups/backup_mysite_2026-08-12_13:00:01.sql
/home/vboxuser/dockerproject/Site/auto_backups/backup_mysite_2026-08-12_12:00:01.sql
/home/vboxuser/dockerproject/Site/auto_backups/backup_mysite_2026-08-12_11:00:01.sql
/home/vboxuser/dockerproject/Site/auto_backups/backup_mysite_2026-08-12_10:53:17.sql
/home/vboxuser/dockerproject/Site/auto_backups/backup_mysite_2026-08-12_10:52:39.sql
/home/vboxuser/dockerproject/Site/auto_backups/backup_mysite_2026-08-12_10:50:43.sql
Backup completed: /home/vboxuser/dockerproject/Site/auto_backups/backup_mysite_2026-08-12_15:00:01.sql
Ротация проведена: оставлены последние 7 бекапов.
/home/vboxuser/dockerproject/Site/auto_backups/backup_mysite_2026-08-12_15:00:01.sql
/home/vboxuser/dockerproject/Site/auto_backups/backup_mysite_2026-08-12_14:00:01.sql
/home/vboxuser/dockerproject/Site/auto_backups/backup_mysite_2026-08-12_13:00:01.sql
/home/vboxuser/dockerproject/Site/auto_backups/backup_mysite_2026-08-12_12:00:01.sql
/home/vboxuser/dockerproject/Site/auto_backups/backup_mysite_2026-08-12_11:00:01.sql
/home/vboxuser/dockerproject/Site/auto_backups/backup_mysite_2026-08-12_10:53:17.sql
/home/vboxuser/dockerproject/Site/auto_backups/backup_mysite_2026-08-12_10:52:39.sql
Backup completed: /home/vboxuser/dockerproject/Site/auto_backups/backup_mysite_2026-08-12_16:00:01.sql
Ротация проведена: оставлены последние 7 бекапов.
/home/vboxuser/dockerproject/Site/auto_backups/backup_mysite_2026-08-12_16:00:01.sql
/home/vboxuser/dockerproject/Site/auto_backups/backup_mysite_2026-08-12_15:00:01.sql
/home/vboxuser/dockerproject/Site/auto_backups/backup_mysite_2026-08-12_14:00:01.sql
/home/vboxuser/dockerproject/Site/auto_backups/backup_mysite_2026-08-12_13:00:01.sql
/home/vboxuser/dockerproject/Site/auto_backups/backup_mysite_2026-08-12_12:00:01.sql
/home/vboxuser/dockerproject/Site/auto_backups/backup_mysite_2026-08-12_11:00:01.sql
/home/vboxuser/dockerproject/Site/auto_backups/backup_mysite_2026-08-12_10:53:17.sql
Backup completed: /home/vboxuser/dockerproject/Site/auto_backups/backup_mysite_2026-08-12_17:00:01.sql
Ротация проведена: оставлены последние 7 бекапов.
/home/vboxuser/dockerproject/Site/auto_backups/backup_mysite_2026-08-12_17:00:01.sql
/home/vboxuser/dockerproject/Site/auto_backups/backup_mysite_2026-08-12_16:00:01.sql
/home/vboxuser/dockerproject/Site/auto_backups/backup_mysite_2026-08-12_15:00:01.sql
/home/vboxuser/dockerproject/Site/auto_backups/backup_mysite_2026-08-12_14:00:01.sql
/home/vboxuser/dockerproject/Site/auto_backups/backup_mysite_2026-08-12_13:00:01.sql
/home/vboxuser/dockerproject/Site/auto_backups/backup_mysite_2026-08-12_12:00:01.sql
/home/vboxuser/dockerproject/Site/auto_backups/backup_mysite_2026-08-12_11:00:01.sql
Backup completed: /home/vboxuser/dockerproject/Site/auto_backups/backup_mysite_2026-08-12_18:00:01.sql
Ротация проведена: оставлены последние 7 бекапов.
/home/vboxuser/dockerproject/Site/auto_backups/backup_mysite_2026-08-12_18:00:01.sql
/home/vboxuser/dockerproject/Site/auto_backups/backup_mysite_2026-08-12_17:00:01.sql
/home/vboxuser/dockerproject/Site/auto_backups/backup_mysite_2026-08-12_16:00:01.sql
/home/vboxuser/dockerproject/Site/auto_backups/backup_mysite_2026-08-12_15:00:01.sql
/home/vboxuser/dockerproject/Site/auto_backups/backup_mysite_2026-08-12_14:00:01.sql
/home/vboxuser/dockerproject/Site/auto_backups/backup_mysite_2026-08-12_13:00:01.sql
/home/vboxuser/dockerproject/Site/auto_backups/backup_mysite_2026-08-12_12:00:01.sql
Backup completed: /home/vboxuser/dockerproject/Site/auto_backups/backup_mysite_2026-08-13_09:00:01.sql
Ротация проведена: оставлены последние 7 бекапов.
/home/vboxuser/dockerproject/Site/auto_backups/backup_mysite_2026-08-13_09:00:01.sql
/home/vboxuser/dockerproject/Site/auto_backups/backup_mysite_2026-08-12_18:00:01.sql
/home/vboxuser/dockerproject/Site/auto_backups/backup_mysite_2026-08-12_17:00:01.sql
/home/vboxuser/dockerproject/Site/auto_backups/backup_mysite_2026-08-12_16:00:01.sql
/home/vboxuser/dockerproject/Site/auto_backups/backup_mysite_2026-08-12_15:00:01.sql
/home/vboxuser/dockerproject/Site/auto_backups/backup_mysite_2026-08-12_14:00:01.sql
/home/vboxuser/dockerproject/Site/auto_backups/backup_mysite_2026-08-12_13:00:01.sql
